
> sitrep@0.1.0 test
> vitest run

[33mThe CJS build of Vite's Node API is deprecated. See https://vite.dev/guide/troubleshooting.html#vite-cjs-node-api-deprecated for more details.[39m

[1m[7m[36m RUN [39m[27m[22m [36mv2.1.9 [39m[90mC:/Users/Gabriel/Documents/Claude Works/globo mundial/.worktrees/sitrep-mvp[39m

 [32m✓[39m lib/refineWithClaude.test.ts [2m([22m[2m6 tests[22m[2m)[22m[90m 8[2mms[22m[39m
 [32m✓[39m lib/acled.test.ts [2m([22m[2m4 tests[22m[2m)[22m[90m 13[2mms[22m[39m
[90mstderr[2m | app/api/events/route.test.ts[2m > [22m[2mGET /api/events[2m > [22m[2mfalls back to GDELT data when ACLED fails
[22m[39mACLED fetch failed: Error: ACLED down
    at [90mC:\Users\Gabriel\Documents\Claude Works\globo mundial\.worktrees\sitrep-mvp\[39mapp\api\events\route.test.ts:69:44
    at [90mfile:///C:/Users/Gabriel/Documents/Claude%20Works/globo%20mundial/.worktrees/sitrep-mvp/[39mnode_modules/[4m@vitest/runner[24m/dist/index.js:146:14
    at [90mfile:///C:/Users/Gabriel/Documents/Claude%20Works/globo%20mundial/.worktrees/sitrep-mvp/[39mnode_modules/[4m@vitest/runner[24m/dist/index.js:533:11
    at runWithTimeout [90m(file:///C:/Users/Gabriel/Documents/Claude%20Works/globo%20mundial/.worktrees/sitrep-mvp/[39mnode_modules/[4m@vitest/runner[24m/dist/index.js:39:7[90m)[39m
    at runTest [90m(file:///C:/Users/Gabriel/Documents/Claude%20Works/globo%20mundial/.worktrees/sitrep-mvp/[39mnode_modules/[4m@vitest/runner[24m/dist/index.js:1056:17[90m)[39m
[90m    at processTicksAndRejections (node:internal/process/task_queues:104:5)[39m
    at runSuite [90m(file:///C:/Users/Gabriel/Documents/Claude%20Works/globo%20mundial/.worktrees/sitrep-mvp/[39mnode_modules/[4m@vitest/runner[24m/dist/index.js:1205:15[90m)[39m
    at runSuite [90m(file:///C:/Users/Gabriel/Documents/Claude%20Works/globo%20mundial/.worktrees/sitrep-mvp/[39mnode_modules/[4m@vitest/runner[24m/dist/index.js:1205:15[90m)[39m
    at runFiles [90m(file:///C:/Users/Gabriel/Documents/Claude%20Works/globo%20mundial/.worktrees/sitrep-mvp/[39mnode_modules/[4m@vitest/runner[24m/dist/index.js:1262:5[90m)[39m
    at startTests [90m(file:///C:/Users/Gabriel/Documents/Claude%20Works/globo%20mundial/.worktrees/sitrep-mvp/[39mnode_modules/[4m@vitest/runner[24m/dist/index.js:1271:3[90m)[39m

[90mstderr[2m | app/api/events/route.test.ts[2m > [22m[2mGET /api/events[2m > [22m[2mreturns a 503 with no events when both sources fail and there is no cache
[22m[39mACLED fetch failed: Error: ACLED down
    at [90mC:\Users\Gabriel\Documents\Claude Works\globo mundial\.worktrees\sitrep-mvp\[39mapp\api\events\route.test.ts:81:44
    at [90mfile:///C:/Users/Gabriel/Documents/Claude%20Works/globo%20mundial/.worktrees/sitrep-mvp/[39mnode_modules/[4m@vitest/runner[24m/dist/index.js:146:14
    at [90mfile:///C:/Users/Gabriel/Documents/Claude%20Works/globo%20mundial/.worktrees/sitrep-mvp/[39mnode_modules/[4m@vitest/runner[24m/dist/index.js:533:11
    at runWithTimeout [90m(file:///C:/Users/Gabriel/Documents/Claude%20Works/globo%20mundial/.worktrees/sitrep-mvp/[39mnode_modules/[4m@vitest/runner[24m/dist/index.js:39:7[90m)[39m
    at runTest [90m(file:///C:/Users/Gabriel/Documents/Claude%20Works/globo%20mundial/.worktrees/sitrep-mvp/[39mnode_modules/[4m@vitest/runner[24m/dist/index.js:1056:17[90m)[39m
[90m    at processTicksAndRejections (node:internal/process/task_queues:104:5)[39m
    at runSuite [90m(file:///C:/Users/Gabriel/Documents/Claude%20Works/globo%20mundial/.worktrees/sitrep-mvp/[39mnode_modules/[4m@vitest/runner[24m/dist/index.js:1205:15[90m)[39m
    at runSuite [90m(file:///C:/Users/Gabriel/Documents/Claude%20Works/globo%20mundial/.worktrees/sitrep-mvp/[39mnode_modules/[4m@vitest/runner[24m/dist/index.js:1205:15[90m)[39m
    at runFiles [90m(file:///C:/Users/Gabriel/Documents/Claude%20Works/globo%20mundial/.worktrees/sitrep-mvp/[39mnode_modules/[4m@vitest/runner[24m/dist/index.js:1262:5[90m)[39m
    at startTests [90m(file:///C:/Users/Gabriel/Documents/Claude%20Works/globo%20mundial/.worktrees/sitrep-mvp/[39mnode_modules/[4m@vitest/runner[24m/dist/index.js:1271:3[90m)[39m
GDELT fetch failed: Error: GDELT down
    at [90mC:\Users\Gabriel\Documents\Claude Works\globo mundial\.worktrees\sitrep-mvp\[39mapp\api\events\route.test.ts:82:44
    at [90mfile:///C:/Users/Gabriel/Documents/Claude%20Works/globo%20mundial/.worktrees/sitrep-mvp/[39mnode_modules/[4m@vitest/runner[24m/dist/index.js:146:14
    at [90mfile:///C:/Users/Gabriel/Documents/Claude%20Works/globo%20mundial/.worktrees/sitrep-mvp/[39mnode_modules/[4m@vitest/runner[24m/dist/index.js:533:11
    at runWithTimeout [90m(file:///C:/Users/Gabriel/Documents/Claude%20Works/globo%20mundial/.worktrees/sitrep-mvp/[39mnode_modules/[4m@vitest/runner[24m/dist/index.js:39:7[90m)[39m
    at runTest [90m(file:///C:/Users/Gabriel/Documents/Claude%20Works/globo%20mundial/.worktrees/sitrep-mvp/[39mnode_modules/[4m@vitest/runner[24m/dist/index.js:1056:17[90m)[39m
[90m    at processTicksAndRejections (node:internal/process/task_queues:104:5)[39m
    at runSuite [90m(file:///C:/Users/Gabriel/Documents/Claude%20Works/globo%20mundial/.worktrees/sitrep-mvp/[39mnode_modules/[4m@vitest/runner[24m/dist/index.js:1205:15[90m)[39m
    at runSuite [90m(file:///C:/Users/Gabriel/Documents/Claude%20Works/globo%20mundial/.worktrees/sitrep-mvp/[39mnode_modules/[4m@vitest/runner[24m/dist/index.js:1205:15[90m)[39m
    at runFiles [90m(file:///C:/Users/Gabriel/Documents/Claude%20Works/globo%20mundial/.worktrees/sitrep-mvp/[39mnode_modules/[4m@vitest/runner[24m/dist/index.js:1262:5[90m)[39m
    at startTests [90m(file:///C:/Users/Gabriel/Documents/Claude%20Works/globo%20mundial/.worktrees/sitrep-mvp/[39mnode_modules/[4m@vitest/runner[24m/dist/index.js:1271:3[90m)[39m

 [32m✓[39m app/api/events/route.test.ts [2m([22m[2m5 tests[22m[2m)[22m[90m 49[2mms[22m[39m
 [32m✓[39m lib/gdelt.test.ts [2m([22m[2m3 tests[22m[2m)[22m[90m 11[2mms[22m[39m
 [32m✓[39m lib/ids.test.ts [2m([22m[2m3 tests[22m[2m)[22m[90m 5[2mms[22m[39m

[2m Test Files [22m [1m[32m5 passed[39m[22m[90m (5)[39m
[2m      Tests [22m [1m[32m21 passed[39m[22m[90m (21)[39m
[2m   Start at [22m 13:19:24
[2m   Duration [22m 5.99s[2m (transform 1.34s, setup 0ms, collect 3.69s, tests 86ms, environment 1ms, prepare 2.63s)[22m

